// Jest Snapshot v1, https://goo.gl/fbAQLP

exports[`Given component ChartView Given method renderTemplate When is called Then it should render the correct template 1`] = `
"
    <div class=\\"ChartView\\">
      <div class=\\"ChartView__slides\\">
        <div class=\\"ChartView__item\\">
          <donut-chart-component data=\\"smartphonePercentage=NaN\\" tabletpercentage=\\"NaN\\" smartphone=\\"0\\" tablet=\\"0\\" currency=\\"€\\" smartphonecolor=\\"#38AF1E\\" title=\\"REVENUE\\" tabletcolor=\\"#44DF22\\" total=\\"0\\">
        </donut-chart-component></div>
        <div class=\\"ChartView__item\\">
          <donut-chart-component data=\\"smartphonePercentage=NaN\\" tabletpercentage=\\"NaN\\" smartphone=\\"0\\" tablet=\\"0\\" smartphonecolor=\\"#2945BB\\" title=\\"impressions\\" tabletcolor=\\"#4DD4DD\\" total=\\"0\\">
        </donut-chart-component></div>
        <div class=\\"ChartView__item\\">
          <donut-chart-component data=\\"smartphonePercentage=NaN\\" tabletpercentage=\\"NaN\\" smartphone=\\"0\\" tablet=\\"0\\" smartphonecolor=\\"#E55039\\" title=\\"VISITS\\" tabletcolor=\\"#E5C839\\" total=\\"0\\">
        </donut-chart-component></div>
      </div>
    </div>
      "
`;
